// Jest Snapshot v1, https://goo.gl/fbAQLP

exports[`renders without crashing 1`] = `
<Form
  as="form"
  loading={true}
>
  <FormField>
    <label>
      Email Address
    </label>
    <input
      name="email"
      placeholder="Enter Email Address"
      readOnly={true}
      type="text"
      value="graham@grahamcox.co.uk"
    />
  </FormField>
</Form>
`;
